components/Dashboard.tsx(34,63): error TS2304: Cannot find name 'useState'.
components/Dashboard.tsx(36,34): error TS2304: Cannot find name 'useMemo'.
components/Dashboard.tsx(43,21): error TS2304: Cannot find name 'useMemo'.
components/Dashboard.tsx(44,52): error TS7006: Parameter 't' implicitly has an 'any' type.
components/Dashboard.tsx(44,86): error TS7006: Parameter 'sum' implicitly has an 'any' type.
components/Dashboard.tsx(44,91): error TS7006: Parameter 't' implicitly has an 'any' type.
components/Dashboard.tsx(45,53): error TS7006: Parameter 't' implicitly has an 'any' type.
components/Dashboard.tsx(45,88): error TS7006: Parameter 'sum' implicitly has an 'any' type.
components/Dashboard.tsx(45,93): error TS7006: Parameter 't' implicitly has an 'any' type.
components/Dashboard.tsx(51,43): error TS2304: Cannot find name 'useState'.
components/Dashboard.tsx(52,51): error TS2304: Cannot find name 'useState'.
components/Dashboard.tsx(54,5): error TS2686: 'React' refers to a UMD global, but the current file is a module. Consider adding an import instead.
components/Dashboard.tsx(66,27): error TS2304: Cannot find name 'useMemo'.
components/Dashboard.tsx(67,36): error TS7006: Parameter 'acc' implicitly has an 'any' type.
components/Dashboard.tsx(67,41): error TS7006: Parameter 'curr' implicitly has an 'any' type.
components/Dashboard.tsx(71,27): error TS2304: Cannot find name 'useMemo'.
components/Dashboard.tsx(98,28): error TS2304: Cannot find name 'useMemo'.
components/Dashboard.tsx(128,34): error TS2304: Cannot find name 'useMemo'.
components/Dashboard.tsx(151,26): error TS2304: Cannot find name 'useMemo'.
components/Dashboard.tsx(155,33): error TS2304: Cannot find name 'useMemo'.
components/Dashboard.tsx(162,25): error TS2304: Cannot find name 'useMemo'.
components/Dashboard.tsx(167,37): error TS7006: Parameter 't' implicitly has an 'any' type.
components/Dashboard.tsx(167,72): error TS7006: Parameter 't' implicitly has an 'any' type.
components/Dashboard.tsx(252,31): error TS2304: Cannot find name 'useMemo'.
components/Dashboard.tsx(288,28): error TS2304: Cannot find name 'useMemo'.
components/Dashboard.tsx(376,30): error TS2304: Cannot find name 'useMemo'.
components/Dashboard.tsx(407,21): error TS2304: Cannot find name 'useMemo'.
components/Dashboard.tsx(409,37): error TS7006: Parameter 't' implicitly has an 'any' type.
components/Dashboard.tsx(409,72): error TS7006: Parameter 't' implicitly has an 'any' type.
components/Dashboard.tsx(417,26): error TS2304: Cannot find name 'useMemo'.
components/Dashboard.tsx(423,42): error TS7006: Parameter 't' implicitly has an 'any' type.
components/Dashboard.tsx(435,32): error TS2304: Cannot find name 'useMemo'.
components/Dashboard.tsx(642,43): error TS7006: Parameter 'alert' implicitly has an 'any' type.
components/Dashboard.tsx(642,50): error TS7006: Parameter 'i' implicitly has an 'any' type.
components/Dashboard.tsx(693,49): error TS7006: Parameter 't' implicitly has an 'any' type.
components/Dashboard.tsx(744,54): error TS7006: Parameter 'c' implicitly has an 'any' type.
components/Dashboard.tsx(797,42): error TS7006: Parameter 'd' implicitly has an 'any' type.
components/Dashboard.tsx(797,45): error TS7006: Parameter 'i' implicitly has an 'any' type.
